2026-03-25 18:26:18.284 [background-preinit] INFO  o.h.validator.internal.util.Version  - HV000001: Hibernate Validator 8.0.1.Final
2026-03-25 18:26:18.405 [main] INFO  c.s.m.discodeit.DiscodeitApplication - Starting DiscodeitApplication using Java 17.0.17 with PID 23104 (C:\Users\mj559\IdeaProjects\9-sprint-mission\discodeit\build\classes\java\main started by mj559 in C:\Users\mj559\IdeaProjects\9-sprint-mission)
2026-03-25 18:26:18.406 [main] DEBUG c.s.m.discodeit.DiscodeitApplication - Running with Spring Boot v3.4.0, Spring v6.2.0
2026-03-25 18:26:18.408 [main] INFO  c.s.m.discodeit.DiscodeitApplication - The following 1 profile is active: "dev"
2026-03-25 18:26:20.807 [main] INFO  o.s.d.r.c.RepositoryConfigurationDelegate - Bootstrapping Spring Data JPA repositories in DEFAULT mode.
2026-03-25 18:26:20.943 [main] INFO  o.s.d.r.c.RepositoryConfigurationDelegate - Finished Spring Data repository scanning in 121 ms. Found 6 JPA repository interfaces.
2026-03-25 18:26:22.272 [main] INFO  o.s.b.w.e.tomcat.TomcatWebServer     - Tomcat initialized with port 8080 (http)
2026-03-25 18:26:22.287 [main] INFO  o.a.coyote.http11.Http11NioProtocol  - Initializing ProtocolHandler ["http-nio-8080"]
2026-03-25 18:26:22.289 [main] INFO  o.a.catalina.core.StandardService    - Starting service [Tomcat]
2026-03-25 18:26:22.290 [main] INFO  o.a.catalina.core.StandardEngine     - Starting Servlet engine: [Apache Tomcat/10.1.33]
2026-03-25 18:26:22.385 [main] INFO  o.a.c.c.C.[Tomcat].[localhost].[/]   - Initializing Spring embedded WebApplicationContext
2026-03-25 18:26:22.386 [main] INFO  o.s.b.w.s.c.ServletWebServerApplicationContext - Root WebApplicationContext: initialization completed in 3848 ms
2026-03-25 18:26:22.766 [main] INFO  com.zaxxer.hikari.HikariDataSource   - HikariPool-1 - Starting...
2026-03-25 18:26:23.122 [main] INFO  com.zaxxer.hikari.pool.HikariPool    - HikariPool-1 - Added connection conn0: url=jdbc:h2:mem:discodeit_db user=SA
2026-03-25 18:26:23.124 [main] INFO  com.zaxxer.hikari.HikariDataSource   - HikariPool-1 - Start completed.
2026-03-25 18:26:23.315 [main] INFO  o.h.jpa.internal.util.LogHelper      - HHH000204: Processing PersistenceUnitInfo [name: default]
2026-03-25 18:26:23.405 [main] INFO  org.hibernate.Version                - HHH000412: Hibernate ORM core version 6.6.2.Final
2026-03-25 18:26:23.459 [main] INFO  o.h.c.i.RegionFactoryInitiator       - HHH000026: Second-level cache disabled
2026-03-25 18:26:23.932 [main] INFO  o.s.o.j.p.SpringPersistenceUnitInfo  - No LoadTimeWeaver setup: ignoring JPA class transformer
2026-03-25 18:26:24.064 [main] INFO  o.hibernate.orm.connections.pooling  - HHH10001005: Database info:
	Database JDBC URL [Connecting through datasource 'HikariDataSource (HikariPool-1)']
	Database driver: undefined/unknown
	Database version: 2.3.232
	Autocommit mode: undefined/unknown
	Isolation level: undefined/unknown
	Minimum pool size: undefined/unknown
	Maximum pool size: undefined/unknown
2026-03-25 18:26:25.672 [main] INFO  o.h.e.t.j.p.i.JtaPlatformInitiator   - HHH000489: No JTA platform available (set 'hibernate.transaction.jta.platform' to enable JTA platform integration)
2026-03-25 18:26:25.783 [main] INFO  o.s.o.j.LocalContainerEntityManagerFactoryBean - Initialized JPA EntityManagerFactory for persistence unit 'default'
2026-03-25 18:26:26.285 [main] INFO  o.s.d.j.r.query.QueryEnhancerFactory - Hibernate is in classpath; If applicable, HQL parser will be used.
2026-03-25 18:26:26.901 [main] WARN  o.s.b.w.s.c.AnnotationConfigServletWebServerApplicationContext - Exception encountered during context initialization - cancelling refresh attempt: org.springframework.beans.factory.UnsatisfiedDependencyException: Error creating bean with name 'binaryContentController' defined in file [C:\Users\mj559\IdeaProjects\9-sprint-mission\discodeit\build\classes\java\main\com\sprint\mission\discodeit\controller\BinaryContentController.class]: Unsatisfied dependency expressed through constructor parameter 0: Error creating bean with name 'basicBinaryContentService' defined in file [C:\Users\mj559\IdeaProjects\9-sprint-mission\discodeit\build\classes\java\main\com\sprint\mission\discodeit\service\basic\BasicBinaryContentService.class]: Unsatisfied dependency expressed through constructor parameter 1: No qualifying bean of type 'com.sprint.mission.discodeit.storage.BinaryContentStorage' available: expected at least 1 bean which qualifies as autowire candidate. Dependency annotations: {}
2026-03-25 18:26:26.902 [main] INFO  o.s.o.j.LocalContainerEntityManagerFactoryBean - Closing JPA EntityManagerFactory for persistence unit 'default'
2026-03-25 18:26:26.906 [main] INFO  com.zaxxer.hikari.HikariDataSource   - HikariPool-1 - Shutdown initiated...
2026-03-25 18:26:26.910 [main] INFO  com.zaxxer.hikari.HikariDataSource   - HikariPool-1 - Shutdown completed.
2026-03-25 18:26:26.911 [main] INFO  o.a.catalina.core.StandardService    - Stopping service [Tomcat]
2026-03-25 18:26:26.935 [main] INFO  o.s.b.a.l.ConditionEvaluationReportLogger - 

Error starting ApplicationContext. To display the condition evaluation report re-run your application with 'debug' enabled.
2026-03-25 18:26:26.969 [main] ERROR o.s.b.d.LoggingFailureAnalysisReporter - 

***************************
APPLICATION FAILED TO START
***************************

Description:

Parameter 1 of constructor in com.sprint.mission.discodeit.service.basic.BasicBinaryContentService required a bean of type 'com.sprint.mission.discodeit.storage.BinaryContentStorage' that could not be found.


Action:

Consider defining a bean of type 'com.sprint.mission.discodeit.storage.BinaryContentStorage' in your configuration.

2026-03-25 18:28:17.051 [background-preinit] INFO  o.h.validator.internal.util.Version  - HV000001: Hibernate Validator 8.0.1.Final
2026-03-25 18:28:17.170 [main] INFO  c.s.m.discodeit.DiscodeitApplication - Starting DiscodeitApplication using Java 17.0.17 with PID 15188 (C:\Users\mj559\IdeaProjects\9-sprint-mission\discodeit\build\classes\java\main started by mj559 in C:\Users\mj559\IdeaProjects\9-sprint-mission)
2026-03-25 18:28:17.173 [main] DEBUG c.s.m.discodeit.DiscodeitApplication - Running with Spring Boot v3.4.0, Spring v6.2.0
2026-03-25 18:28:17.175 [main] INFO  c.s.m.discodeit.DiscodeitApplication - The following 1 profile is active: "dev"
2026-03-25 18:28:19.217 [main] INFO  o.s.d.r.c.RepositoryConfigurationDelegate - Bootstrapping Spring Data JPA repositories in DEFAULT mode.
2026-03-25 18:28:19.340 [main] INFO  o.s.d.r.c.RepositoryConfigurationDelegate - Finished Spring Data repository scanning in 106 ms. Found 6 JPA repository interfaces.
2026-03-25 18:28:20.487 [main] INFO  o.s.b.w.e.tomcat.TomcatWebServer     - Tomcat initialized with port 8080 (http)
2026-03-25 18:28:20.507 [main] INFO  o.a.coyote.http11.Http11NioProtocol  - Initializing ProtocolHandler ["http-nio-8080"]
2026-03-25 18:28:20.511 [main] INFO  o.a.catalina.core.StandardService    - Starting service [Tomcat]
2026-03-25 18:28:20.511 [main] INFO  o.a.catalina.core.StandardEngine     - Starting Servlet engine: [Apache Tomcat/10.1.33]
2026-03-25 18:28:20.626 [main] INFO  o.a.c.c.C.[Tomcat].[localhost].[/]   - Initializing Spring embedded WebApplicationContext
2026-03-25 18:28:20.628 [main] INFO  o.s.b.w.s.c.ServletWebServerApplicationContext - Root WebApplicationContext: initialization completed in 3360 ms
2026-03-25 18:28:21.021 [main] INFO  com.zaxxer.hikari.HikariDataSource   - HikariPool-1 - Starting...
2026-03-25 18:28:21.379 [main] INFO  com.zaxxer.hikari.pool.HikariPool    - HikariPool-1 - Added connection conn0: url=jdbc:h2:mem:discodeit_db user=SA
2026-03-25 18:28:21.387 [main] INFO  com.zaxxer.hikari.HikariDataSource   - HikariPool-1 - Start completed.
2026-03-25 18:28:21.623 [main] INFO  o.h.jpa.internal.util.LogHelper      - HHH000204: Processing PersistenceUnitInfo [name: default]
2026-03-25 18:28:21.737 [main] INFO  org.hibernate.Version                - HHH000412: Hibernate ORM core version 6.6.2.Final
2026-03-25 18:28:21.813 [main] INFO  o.h.c.i.RegionFactoryInitiator       - HHH000026: Second-level cache disabled
2026-03-25 18:28:22.392 [main] INFO  o.s.o.j.p.SpringPersistenceUnitInfo  - No LoadTimeWeaver setup: ignoring JPA class transformer
2026-03-25 18:28:22.547 [main] INFO  o.hibernate.orm.connections.pooling  - HHH10001005: Database info:
	Database JDBC URL [Connecting through datasource 'HikariDataSource (HikariPool-1)']
	Database driver: undefined/unknown
	Database version: 2.3.232
	Autocommit mode: undefined/unknown
	Isolation level: undefined/unknown
	Minimum pool size: undefined/unknown
	Maximum pool size: undefined/unknown
2026-03-25 18:28:24.415 [main] INFO  o.h.e.t.j.p.i.JtaPlatformInitiator   - HHH000489: No JTA platform available (set 'hibernate.transaction.jta.platform' to enable JTA platform integration)
2026-03-25 18:28:24.523 [main] INFO  o.s.o.j.LocalContainerEntityManagerFactoryBean - Initialized JPA EntityManagerFactory for persistence unit 'default'
2026-03-25 18:28:25.024 [main] INFO  o.s.d.j.r.query.QueryEnhancerFactory - Hibernate is in classpath; If applicable, HQL parser will be used.
2026-03-25 18:28:26.548 [main] WARN  o.s.b.a.o.j.JpaBaseConfiguration$JpaWebConfiguration - spring.jpa.open-in-view is enabled by default. Therefore, database queries may be performed during view rendering. Explicitly configure spring.jpa.open-in-view to disable this warning
2026-03-25 18:28:26.627 [main] WARN  o.s.b.a.s.s.UserDetailsServiceAutoConfiguration - 

Using generated security password: 04e6a7a4-b347-46a1-a05c-8ca0c88f9da7

This generated password is for development use only. Your security configuration must be updated before running your application in production.

2026-03-25 18:28:26.646 [main] INFO  o.s.s.c.a.a.c.InitializeUserDetailsBeanManagerConfigurer$InitializeUserDetailsManagerConfigurer - Global AuthenticationManager configured with UserDetailsService bean with name inMemoryUserDetailsManager
2026-03-25 18:28:26.891 [main] INFO  o.s.b.a.w.s.WelcomePageHandlerMapping - Adding welcome page: class path resource [static/index.html]
2026-03-25 18:28:27.062 [main] WARN  o.s.b.w.s.c.AnnotationConfigServletWebServerApplicationContext - Exception encountered during context initialization - cancelling refresh attempt: org.springframework.beans.factory.BeanCreationException: Error creating bean with name 'viewControllerHandlerMapping' defined in class path resource [org/springframework/boot/autoconfigure/web/servlet/WebMvcAutoConfiguration$EnableWebMvcConfiguration.class]: No more pattern data allowed after {*...} or ** pattern element
2026-03-25 18:28:27.062 [main] INFO  o.s.o.j.LocalContainerEntityManagerFactoryBean - Closing JPA EntityManagerFactory for persistence unit 'default'
2026-03-25 18:28:27.070 [main] INFO  com.zaxxer.hikari.HikariDataSource   - HikariPool-1 - Shutdown initiated...
2026-03-25 18:28:27.070 [main] INFO  com.zaxxer.hikari.HikariDataSource   - HikariPool-1 - Shutdown completed.
2026-03-25 18:28:27.070 [main] INFO  o.a.catalina.core.StandardService    - Stopping service [Tomcat]
2026-03-25 18:28:27.108 [main] INFO  o.s.b.a.l.ConditionEvaluationReportLogger - 

Error starting ApplicationContext. To display the condition evaluation report re-run your application with 'debug' enabled.
2026-03-25 18:28:27.134 [main] ERROR o.s.b.d.LoggingFailureAnalysisReporter - 

***************************
APPLICATION FAILED TO START
***************************

Description:

Invalid mapping pattern detected:
{path:[^\.]*}
^
No more pattern data allowed after {*...} or ** pattern element

Action:

Fix this pattern in your application or switch to the legacy parser implementation with 'spring.mvc.pathmatch.matching-strategy=ant_path_matcher'.

