26-04-10 10:33:56.736 [background-preinit] INFO  o.h.validator.internal.util.Version - HV000001: Hibernate Validator 8.0.3.Final
26-04-10 10:33:56.882 [Test worker] INFO  c.s.m.d.c.MessageControllerTest - Starting MessageControllerTest using Java 17.0.17 with PID 12976 (started by dev in C:\Users\dev\IdeaProjects\Tim\9-sprint-mission\discodeit)
26-04-10 10:33:56.883 [Test worker] INFO  c.s.m.d.c.MessageControllerTest - The following 1 profile is active: "dev"
26-04-10 10:34:00.098 [Test worker] INFO  o.s.b.a.w.s.WelcomePageHandlerMapping - Adding welcome page: class path resource [static/index.html]
26-04-10 10:34:01.060 [Test worker] INFO  o.s.b.t.m.w.SpringBootMockServletContext - Initializing Spring TestDispatcherServlet ''
26-04-10 10:34:01.065 [Test worker] INFO  o.s.t.w.s.TestDispatcherServlet - Initializing Servlet ''
26-04-10 10:34:01.069 [Test worker] INFO  o.s.t.w.s.TestDispatcherServlet - Completed initialization in 2 ms
26-04-10 10:34:01.152 [Test worker] INFO  c.s.m.d.c.MessageControllerTest - Started MessageControllerTest in 5.615 seconds (process running for 8.233)
26-04-10 10:34:02.674 [Test worker] INFO  c.s.m.d.controller.MessageController - 메시지 생성 요청 들어옴! 채널 ID: 8fa485ea-3a13-4edf-a45d-10f2f0c2b265, 작성자 ID: 40f2906a-1d65-4f5a-91ff-506f878eea78
26-04-10 10:36:37.394 [background-preinit] INFO  o.h.validator.internal.util.Version - HV000001: Hibernate Validator 8.0.3.Final
26-04-10 10:36:37.523 [Test worker] INFO  c.s.m.d.c.ChannelControllerTest - Starting ChannelControllerTest using Java 17.0.17 with PID 8320 (started by dev in C:\Users\dev\IdeaProjects\Tim\9-sprint-mission\discodeit)
26-04-10 10:36:37.525 [Test worker] INFO  c.s.m.d.c.ChannelControllerTest - The following 1 profile is active: "dev"
26-04-10 10:36:40.507 [Test worker] INFO  o.s.b.a.w.s.WelcomePageHandlerMapping - Adding welcome page: class path resource [static/index.html]
26-04-10 10:36:41.216 [Test worker] INFO  o.s.b.t.m.w.SpringBootMockServletContext - Initializing Spring TestDispatcherServlet ''
26-04-10 10:36:41.217 [Test worker] INFO  o.s.t.w.s.TestDispatcherServlet - Initializing Servlet ''
26-04-10 10:36:41.221 [Test worker] INFO  o.s.t.w.s.TestDispatcherServlet - Completed initialization in 2 ms
26-04-10 10:36:41.283 [Test worker] INFO  c.s.m.d.c.ChannelControllerTest - Started ChannelControllerTest in 4.933 seconds (process running for 7.46)
26-04-10 10:36:41.651 [Test worker] INFO  c.s.m.d.controller.ChannelController - 공개 채널 생성 요청 들어옴! 채널명: 
26-04-10 10:37:00.879 [background-preinit] INFO  o.h.validator.internal.util.Version - HV000001: Hibernate Validator 8.0.3.Final
26-04-10 10:37:00.997 [Test worker] INFO  c.s.m.d.c.ChannelControllerTest - Starting ChannelControllerTest using Java 17.0.17 with PID 2224 (started by dev in C:\Users\dev\IdeaProjects\Tim\9-sprint-mission\discodeit)
26-04-10 10:37:00.998 [Test worker] INFO  c.s.m.d.c.ChannelControllerTest - The following 1 profile is active: "dev"
26-04-10 10:37:04.712 [Test worker] INFO  o.s.b.a.w.s.WelcomePageHandlerMapping - Adding welcome page: class path resource [static/index.html]
26-04-10 10:37:05.713 [Test worker] INFO  o.s.b.t.m.w.SpringBootMockServletContext - Initializing Spring TestDispatcherServlet ''
26-04-10 10:37:05.714 [Test worker] INFO  o.s.t.w.s.TestDispatcherServlet - Initializing Servlet ''
26-04-10 10:37:05.719 [Test worker] INFO  o.s.t.w.s.TestDispatcherServlet - Completed initialization in 3 ms
26-04-10 10:37:05.799 [Test worker] INFO  c.s.m.d.c.ChannelControllerTest - Started ChannelControllerTest in 5.99 seconds (process running for 8.535)
26-04-10 10:40:45.490 [background-preinit] INFO  o.h.validator.internal.util.Version - HV000001: Hibernate Validator 8.0.3.Final
26-04-10 10:40:45.617 [Test worker] INFO  c.s.m.d.r.ChannelRepositoryTest - Starting ChannelRepositoryTest using Java 17.0.17 with PID 8448 (started by dev in C:\Users\dev\IdeaProjects\Tim\9-sprint-mission\discodeit)
26-04-10 10:40:45.618 [Test worker] INFO  c.s.m.d.r.ChannelRepositoryTest - The following 1 profile is active: "test"
26-04-10 10:40:46.416 [Test worker] INFO  o.s.d.r.c.RepositoryConfigurationDelegate - Bootstrapping Spring Data JPA repositories in DEFAULT mode.
26-04-10 10:40:46.573 [Test worker] INFO  o.s.d.r.c.RepositoryConfigurationDelegate - Finished Spring Data repository scanning in 137 ms. Found 6 JPA repository interfaces.
26-04-10 10:40:46.694 [Test worker] INFO  o.s.b.t.a.j.TestDatabaseAutoConfiguration$EmbeddedDataSourceBeanFactoryPostProcessor - Replacing 'dataSource' DataSource bean with embedded version
26-04-10 10:40:47.022 [Test worker] INFO  o.s.j.d.e.EmbeddedDatabaseFactory - Starting embedded database: url='jdbc:h2:mem:5cf3a6b2-0744-41d7-b36c-f231a8d3e645;DB_CLOSE_DELAY=-1;DB_CLOSE_ON_EXIT=false', username='sa'
26-04-10 10:40:47.773 [Test worker] INFO  o.h.jpa.internal.util.LogHelper - HHH000204: Processing PersistenceUnitInfo [name: default]
26-04-10 10:40:47.902 [Test worker] INFO  org.hibernate.Version - HHH000412: Hibernate ORM core version 6.6.41.Final
26-04-10 10:40:47.977 [Test worker] INFO  o.h.c.i.RegionFactoryInitiator - HHH000026: Second-level cache disabled
26-04-10 10:40:48.591 [Test worker] INFO  o.s.o.j.p.SpringPersistenceUnitInfo - No LoadTimeWeaver setup: ignoring JPA class transformer
26-04-10 10:40:48.688 [Test worker] WARN  org.hibernate.orm.deprecation - HHH90000025: H2Dialect does not need to be specified explicitly using 'hibernate.dialect' (remove the property setting and it will be selected by default)
26-04-10 10:40:48.729 [Test worker] INFO  o.hibernate.orm.connections.pooling - HHH10001005: Database info:
	Database JDBC URL [Connecting through datasource 'org.springframework.jdbc.datasource.embedded.EmbeddedDatabaseFactory$EmbeddedDataSourceProxy@7ec01520']
	Database driver: undefined/unknown
	Database version: 2.3.232
	Autocommit mode: undefined/unknown
	Isolation level: undefined/unknown
	Minimum pool size: undefined/unknown
	Maximum pool size: undefined/unknown
26-04-10 10:40:50.792 [Test worker] INFO  o.h.e.t.j.p.i.JtaPlatformInitiator - HHH000489: No JTA platform available (set 'hibernate.transaction.jta.platform' to enable JTA platform integration)
26-04-10 10:40:50.830 [Test worker] DEBUG org.hibernate.SQL - 
    drop table if exists binary_contents cascade 
26-04-10 10:40:50.836 [Test worker] DEBUG org.hibernate.SQL - 
    drop table if exists channel_participants cascade 
26-04-10 10:40:50.836 [Test worker] DEBUG org.hibernate.SQL - 
    drop table if exists channels cascade 
26-04-10 10:40:50.838 [Test worker] DEBUG org.hibernate.SQL - 
    drop table if exists messages cascade 
26-04-10 10:40:50.839 [Test worker] DEBUG org.hibernate.SQL - 
    drop table if exists read_statuses cascade 
26-04-10 10:40:50.840 [Test worker] DEBUG org.hibernate.SQL - 
    drop table if exists user_statuses cascade 
26-04-10 10:40:50.842 [Test worker] DEBUG org.hibernate.SQL - 
    drop table if exists users cascade 
26-04-10 10:40:50.856 [Test worker] DEBUG org.hibernate.SQL - 
    create table binary_contents (
        created_at timestamp with time zone not null,
        size bigint,
        id uuid not null,
        message_id uuid,
        content_type varchar(255),
        file_name varchar(255),
        primary key (id)
    )
26-04-10 10:40:50.860 [Test worker] DEBUG org.hibernate.SQL - 
    create table channel_participants (
        channel_id uuid not null,
        user_id uuid not null
    )
26-04-10 10:40:50.863 [Test worker] DEBUG org.hibernate.SQL - 
    create table channels (
        created_at timestamp with time zone not null,
        last_message_at timestamp(6) with time zone,
        updated_at timestamp with time zone,
        id uuid not null,
        name varchar(100) not null,
        description varchar(500),
        type enum ('PRIVATE','PUBLIC') not null,
        primary key (id)
    )
26-04-10 10:40:50.868 [Test worker] DEBUG org.hibernate.SQL - 
    create table messages (
        created_at timestamp with time zone not null,
        updated_at timestamp with time zone,
        author_id uuid not null,
        channel_id uuid not null,
        id uuid not null,
        content TEXT not null,
        primary key (id)
    )
26-04-10 10:40:50.872 [Test worker] DEBUG org.hibernate.SQL - 
    create table read_statuses (
        created_at timestamp with time zone not null,
        last_read_at timestamp(6) with time zone,
        updated_at timestamp with time zone,
        channel_id uuid,
        id uuid not null,
        user_id uuid,
        primary key (id)
    )
26-04-10 10:40:50.878 [Test worker] DEBUG org.hibernate.SQL - 
    create table user_statuses (
        created_at timestamp(6) with time zone,
        last_active_at timestamp(6) with time zone,
        updated_at timestamp(6) with time zone,
        id uuid not null,
        user_id uuid unique,
        primary key (id)
    )
26-04-10 10:40:50.882 [Test worker] DEBUG org.hibernate.SQL - 
    create table users (
        created_at timestamp with time zone not null,
        updated_at timestamp with time zone,
        id uuid not null,
        profile_id uuid unique,
        username varchar(50) not null unique,
        password varchar(60) not null,
        email varchar(100) not null unique,
        primary key (id)
    )
26-04-10 10:40:50.887 [Test worker] DEBUG org.hibernate.SQL - 
    alter table if exists binary_contents 
       add constraint FKaffo4mpem38t2jgoewjgbri2y 
       foreign key (message_id) 
       references messages
26-04-10 10:40:50.923 [Test worker] DEBUG org.hibernate.SQL - 
    alter table if exists channel_participants 
       add constraint FKljc2c43m89q7xiia8vr5in7nt 
       foreign key (user_id) 
       references users
26-04-10 10:40:50.926 [Test worker] DEBUG org.hibernate.SQL - 
    alter table if exists channel_participants 
       add constraint FKsj8j1v58oh34x4kjttfjorvk1 
       foreign key (channel_id) 
       references channels
26-04-10 10:40:50.929 [Test worker] DEBUG org.hibernate.SQL - 
    alter table if exists messages 
       add constraint FKowtlim26svclkatusptbgi7u1 
       foreign key (author_id) 
       references users
26-04-10 10:40:50.932 [Test worker] DEBUG org.hibernate.SQL - 
    alter table if exists messages 
       add constraint FK3u3ckbhwq9se1cmopk2pq05b2 
       foreign key (channel_id) 
       references channels
26-04-10 10:40:50.935 [Test worker] DEBUG org.hibernate.SQL - 
    alter table if exists read_statuses 
       add constraint FKa38ri44ml4gfdpklx4ahqr8gd 
       foreign key (channel_id) 
       references channels
26-04-10 10:40:50.938 [Test worker] DEBUG org.hibernate.SQL - 
    alter table if exists read_statuses 
       add constraint FKml3k4wr9sj5yxrmj6d0aoib2e 
       foreign key (user_id) 
       references users
26-04-10 10:40:50.940 [Test worker] DEBUG org.hibernate.SQL - 
    alter table if exists user_statuses 
       add constraint FK4lfl3ei2ubchgcxrrpo3pw4mm 
       foreign key (user_id) 
       references users
26-04-10 10:40:50.942 [Test worker] DEBUG org.hibernate.SQL - 
    alter table if exists users 
       add constraint FKtbudycgrip49xdptogmhfqnso 
       foreign key (profile_id) 
       references binary_contents
26-04-10 10:40:50.951 [Test worker] INFO  o.s.o.j.LocalContainerEntityManagerFactoryBean - Initialized JPA EntityManagerFactory for persistence unit 'default'
26-04-10 10:40:51.586 [Test worker] INFO  o.s.d.j.r.query.QueryEnhancerFactory - Hibernate is in classpath; If applicable, HQL parser will be used.
26-04-10 10:40:52.438 [Test worker] INFO  c.s.m.d.r.ChannelRepositoryTest - Started ChannelRepositoryTest in 8.03 seconds (process running for 10.538)
26-04-10 10:40:53.188 [Test worker] DEBUG org.hibernate.SQL - 
    insert 
    into
        users
        (created_at, email, password, profile_id, updated_at, username, id) 
    values
        (?, ?, ?, ?, ?, ?, ?)
26-04-10 10:40:53.227 [Test worker] DEBUG org.hibernate.SQL - 
    insert 
    into
        channels
        (created_at, description, last_message_at, name, type, updated_at, id) 
    values
        (?, ?, ?, ?, ?, ?, ?)
26-04-10 10:40:53.230 [Test worker] DEBUG org.hibernate.SQL - 
    insert 
    into
        channels
        (created_at, description, last_message_at, name, type, updated_at, id) 
    values
        (?, ?, ?, ?, ?, ?, ?)
26-04-10 10:40:53.232 [Test worker] DEBUG org.hibernate.SQL - 
    insert 
    into
        read_statuses
        (channel_id, created_at, last_read_at, updated_at, user_id, id) 
    values
        (?, ?, ?, ?, ?, ?)
26-04-10 10:40:53.235 [Test worker] DEBUG org.hibernate.SQL - 
    insert 
    into
        read_statuses
        (channel_id, created_at, last_read_at, updated_at, user_id, id) 
    values
        (?, ?, ?, ?, ?, ?)
26-04-10 10:40:53.264 [Test worker] DEBUG org.hibernate.SQL - 
    select
        c1_0.id,
        c1_0.created_at,
        c1_0.description,
        c1_0.last_message_at,
        c1_0.name,
        c1_0.type,
        c1_0.updated_at 
    from
        channels c1_0 
    where
        c1_0.type='PUBLIC' 
        or c1_0.id in (select
            rs1_0.channel_id 
        from
            read_statuses rs1_0 
        where
            rs1_0.user_id=?) 
    fetch
        first ? rows only
26-04-10 10:40:53.458 [SpringApplicationShutdownHook] INFO  o.s.o.j.LocalContainerEntityManagerFactoryBean - Closing JPA EntityManagerFactory for persistence unit 'default'
26-04-10 10:40:53.693 [SpringApplicationShutdownHook] DEBUG org.hibernate.SQL - 
    drop table if exists binary_contents cascade 
26-04-10 10:40:53.695 [SpringApplicationShutdownHook] DEBUG org.hibernate.SQL - 
    drop table if exists channel_participants cascade 
26-04-10 10:40:53.696 [SpringApplicationShutdownHook] DEBUG org.hibernate.SQL - 
    drop table if exists channels cascade 
26-04-10 10:40:53.697 [SpringApplicationShutdownHook] DEBUG org.hibernate.SQL - 
    drop table if exists messages cascade 
26-04-10 10:40:53.698 [SpringApplicationShutdownHook] DEBUG org.hibernate.SQL - 
    drop table if exists read_statuses cascade 
26-04-10 10:40:53.698 [SpringApplicationShutdownHook] DEBUG org.hibernate.SQL - 
    drop table if exists user_statuses cascade 
26-04-10 10:40:53.699 [SpringApplicationShutdownHook] DEBUG org.hibernate.SQL - 
    drop table if exists users cascade 
